restart_syscall(<... resuming interrupted nanosleep ...>) = 0
+++ exited with 0 +++
