restart_syscall(<... resuming interrupted system call ...>) = 0
+++ exited with 0 +++
